Traceback (most recent call last):
  File "C:\Users\jeanm\AppData\Local\hermes\hermes-agent\venv\Lib\site-packages\urllib3\connectionpool.py", line 788, in urlopen
    response = self._make_request(
               ^^^^^^^^^^^^^^^^^^^
  File "C:\Users\jeanm\AppData\Local\hermes\hermes-agent\venv\Lib\site-packages\urllib3\connectionpool.py", line 534, in _make_request
    response = conn.getresponse()
               ^^^^^^^^^^^^^^^^^^
  File "C:\Users\jeanm\AppData\Local\hermes\hermes-agent\venv\Lib\site-packages\urllib3\connection.py", line 571, in getresponse
    httplib_response = super().getresponse()
                       ^^^^^^^^^^^^^^^^^^^^^
  File "C:\Users\jeanm\AppData\Roaming\uv\python\cpython-3.11-windows-x86_64-none\Lib\http\client.py", line 1415, in getresponse
    response.begin()
  File "C:\Users\jeanm\AppData\Roaming\uv\python\cpython-3.11-windows-x86_64-none\Lib\http\client.py", line 330, in begin
    version, status, reason = self._read_status()
                              ^^^^^^^^^^^^^^^^^^^
  File "C:\Users\jeanm\AppData\Roaming\uv\python\cpython-3.11-windows-x86_64-none\Lib\http\client.py", line 299, in _read_status
    raise RemoteDisconnected("Remote end closed connection without"
http.client.RemoteDisconnected: Remote end closed connection without response

During handling of the above exception, another exception occurred:

Traceback (most recent call last):
  File "C:\Users\jeanm\AppData\Local\hermes\hermes-agent\venv\Lib\site-packages\requests\adapters.py", line 645, in send
    resp = conn.urlopen(
           ^^^^^^^^^^^^^
  File "C:\Users\jeanm\AppData\Local\hermes\hermes-agent\venv\Lib\site-packages\urllib3\connectionpool.py", line 842, in urlopen
    retries = retries.increment(
              ^^^^^^^^^^^^^^^^^^
  File "C:\Users\jeanm\AppData\Local\hermes\hermes-agent\venv\Lib\site-packages\urllib3\util\retry.py", line 498, in increment
    raise reraise(type(error), error, _stacktrace)
          ^^^^^^^^^^^^^^^^^^^^^^^^^^^^^^^^^^^^^^^^
  File "C:\Users\jeanm\AppData\Local\hermes\hermes-agent\venv\Lib\site-packages\urllib3\util\util.py", line 38, in reraise
    raise value.with_traceback(tb)
  File "C:\Users\jeanm\AppData\Local\hermes\hermes-agent\venv\Lib\site-packages\urllib3\connectionpool.py", line 788, in urlopen
    response = self._make_request(
               ^^^^^^^^^^^^^^^^^^^
  File "C:\Users\jeanm\AppData\Local\hermes\hermes-agent\venv\Lib\site-packages\urllib3\connectionpool.py", line 534, in _make_request
    response = conn.getresponse()
               ^^^^^^^^^^^^^^^^^^
  File "C:\Users\jeanm\AppData\Local\hermes\hermes-agent\venv\Lib\site-packages\urllib3\connection.py", line 571, in getresponse
    httplib_response = super().getresponse()
                       ^^^^^^^^^^^^^^^^^^^^^
  File "C:\Users\jeanm\AppData\Roaming\uv\python\cpython-3.11-windows-x86_64-none\Lib\http\client.py", line 1415, in getresponse
    response.begin()
  File "C:\Users\jeanm\AppData\Roaming\uv\python\cpython-3.11-windows-x86_64-none\Lib\http\client.py", line 330, in begin
    version, status, reason = self._read_status()
                              ^^^^^^^^^^^^^^^^^^^
  File "C:\Users\jeanm\AppData\Roaming\uv\python\cpython-3.11-windows-x86_64-none\Lib\http\client.py", line 299, in _read_status
    raise RemoteDisconnected("Remote end closed connection without"
urllib3.exceptions.ProtocolError: ('Connection aborted.', RemoteDisconnected('Remote end closed connection without response'))

During handling of the above exception, another exception occurred:

Traceback (most recent call last):
  File "C:\Users\jeanm\OneDrive\Documents\kalshi weather\robinhood_crypto_bot\bot.py", line 145, in <module>
    raise SystemExit(main())
                     ^^^^^^
  File "C:\Users\jeanm\OneDrive\Documents\kalshi weather\robinhood_crypto_bot\bot.py", line 46, in main
    quote = client.get_best_bid_ask(args.symbol)
            ^^^^^^^^^^^^^^^^^^^^^^^^^^^^^^^^^^^^
  File "C:\Users\jeanm\OneDrive\Documents\kalshi weather\robinhood_crypto_bot\rh_client.py", line 61, in get_best_bid_ask
    return self.request("GET", f"/api/v1/crypto/marketdata/best_bid_ask/?symbol={symbol}")
           ^^^^^^^^^^^^^^^^^^^^^^^^^^^^^^^^^^^^^^^^^^^^^^^^^^^^^^^^^^^^^^^^^^^^^^^^^^^^^^^
  File "C:\Users\jeanm\OneDrive\Documents\kalshi weather\robinhood_crypto_bot\rh_client.py", line 69, in request
    response = self.session.request(
               ^^^^^^^^^^^^^^^^^^^^^
  File "C:\Users\jeanm\AppData\Local\hermes\hermes-agent\venv\Lib\site-packages\requests\sessions.py", line 592, in request
    resp = self.send(prep, **send_kwargs)
           ^^^^^^^^^^^^^^^^^^^^^^^^^^^^^^
  File "C:\Users\jeanm\AppData\Local\hermes\hermes-agent\venv\Lib\site-packages\requests\sessions.py", line 706, in send
    r = adapter.send(request, **kwargs)
        ^^^^^^^^^^^^^^^^^^^^^^^^^^^^^^^
  File "C:\Users\jeanm\AppData\Local\hermes\hermes-agent\venv\Lib\site-packages\requests\adapters.py", line 660, in send
    raise ConnectionError(err, request=request)
requests.exceptions.ConnectionError: ('Connection aborted.', RemoteDisconnected('Remote end closed connection without response'))
